// Jest Snapshot v1, https://goo.gl/fbAQLP

exports[`Card Container should match the snapshot 1`] = `
ShallowWrapper {
  Symbol(enzyme.__root__): [Circular],
  Symbol(enzyme.__unrendered__): <CardContainer
    data={
      Array [
        Object {
          "favorite": false,
          "homeworld": "Tatooine",
          "name": "Luke Skywalker",
          "population": 20000000,
          "species": "human",
        },
        Object {
          "favorite": false,
          "homeworld": "Tatooine",
          "name": "C3PO",
          "population": 20000000,
          "species": "robot",
        },
      ]
    }
    handleFavorite={[MockFunction]}
    itemType="People"
  />,
  Symbol(enzyme.__renderer__): Object {
    "batchedUpdates": [Function],
    "getNode": [Function],
    "render": [Function],
    "simulateError": [Function],
    "simulateEvent": [Function],
    "unmount": [Function],
  },
  Symbol(enzyme.__node__): Object {
    "instance": null,
    "key": undefined,
    "nodeType": "host",
    "props": Object {
      "children": <div
        className="card-border"
      >
        <Card
          handleFavorite={[MockFunction]}
          item={
            Object {
              "favorite": false,
              "homeworld": "Tatooine",
              "name": "Luke Skywalker",
              "population": 20000000,
              "species": "human",
            }
          }
          itemType="People"
        />
        <Card
          handleFavorite={[MockFunction]}
          item={
            Object {
              "favorite": false,
              "homeworld": "Tatooine",
              "name": "C3PO",
              "population": 20000000,
              "species": "robot",
            }
          }
          itemType="People"
        />
      </div>,
      "className": "card-container",
    },
    "ref": null,
    "rendered": Object {
      "instance": null,
      "key": undefined,
      "nodeType": "host",
      "props": Object {
        "children": Array [
          <Card
            handleFavorite={[MockFunction]}
            item={
              Object {
                "favorite": false,
                "homeworld": "Tatooine",
                "name": "Luke Skywalker",
                "population": 20000000,
                "species": "human",
              }
            }
            itemType="People"
          />,
          <Card
            handleFavorite={[MockFunction]}
            item={
              Object {
                "favorite": false,
                "homeworld": "Tatooine",
                "name": "C3PO",
                "population": 20000000,
                "species": "robot",
              }
            }
            itemType="People"
          />,
        ],
        "className": "card-border",
      },
      "ref": null,
      "rendered": Array [
        Object {
          "instance": null,
          "key": "Luke Skywalker",
          "nodeType": "function",
          "props": Object {
            "handleFavorite": [MockFunction],
            "item": Object {
              "favorite": false,
              "homeworld": "Tatooine",
              "name": "Luke Skywalker",
              "population": 20000000,
              "species": "human",
            },
            "itemType": "People",
          },
          "ref": null,
          "rendered": null,
          "type": [Function],
        },
        Object {
          "instance": null,
          "key": "C3PO",
          "nodeType": "function",
          "props": Object {
            "handleFavorite": [MockFunction],
            "item": Object {
              "favorite": false,
              "homeworld": "Tatooine",
              "name": "C3PO",
              "population": 20000000,
              "species": "robot",
            },
            "itemType": "People",
          },
          "ref": null,
          "rendered": null,
          "type": [Function],
        },
      ],
      "type": "div",
    },
    "type": "div",
  },
  Symbol(enzyme.__nodes__): Array [
    Object {
      "instance": null,
      "key": undefined,
      "nodeType": "host",
      "props": Object {
        "children": <div
          className="card-border"
        >
          <Card
            handleFavorite={[MockFunction]}
            item={
              Object {
                "favorite": false,
                "homeworld": "Tatooine",
                "name": "Luke Skywalker",
                "population": 20000000,
                "species": "human",
              }
            }
            itemType="People"
          />
          <Card
            handleFavorite={[MockFunction]}
            item={
              Object {
                "favorite": false,
                "homeworld": "Tatooine",
                "name": "C3PO",
                "population": 20000000,
                "species": "robot",
              }
            }
            itemType="People"
          />
        </div>,
        "className": "card-container",
      },
      "ref": null,
      "rendered": Object {
        "instance": null,
        "key": undefined,
        "nodeType": "host",
        "props": Object {
          "children": Array [
            <Card
              handleFavorite={[MockFunction]}
              item={
                Object {
                  "favorite": false,
                  "homeworld": "Tatooine",
                  "name": "Luke Skywalker",
                  "population": 20000000,
                  "species": "human",
                }
              }
              itemType="People"
            />,
            <Card
              handleFavorite={[MockFunction]}
              item={
                Object {
                  "favorite": false,
                  "homeworld": "Tatooine",
                  "name": "C3PO",
                  "population": 20000000,
                  "species": "robot",
                }
              }
              itemType="People"
            />,
          ],
          "className": "card-border",
        },
        "ref": null,
        "rendered": Array [
          Object {
            "instance": null,
            "key": "Luke Skywalker",
            "nodeType": "function",
            "props": Object {
              "handleFavorite": [MockFunction],
              "item": Object {
                "favorite": false,
                "homeworld": "Tatooine",
                "name": "Luke Skywalker",
                "population": 20000000,
                "species": "human",
              },
              "itemType": "People",
            },
            "ref": null,
            "rendered": null,
            "type": [Function],
          },
          Object {
            "instance": null,
            "key": "C3PO",
            "nodeType": "function",
            "props": Object {
              "handleFavorite": [MockFunction],
              "item": Object {
                "favorite": false,
                "homeworld": "Tatooine",
                "name": "C3PO",
                "population": 20000000,
                "species": "robot",
              },
              "itemType": "People",
            },
            "ref": null,
            "rendered": null,
            "type": [Function],
          },
        ],
        "type": "div",
      },
      "type": "div",
    },
  ],
  Symbol(enzyme.__options__): Object {
    "adapter": ReactSixteenAdapter {
      "options": Object {
        "enableComponentDidUpdateOnSetState": true,
        "lifecycles": Object {
          "componentDidUpdate": Object {
            "onSetState": true,
          },
          "getDerivedStateFromProps": true,
          "getSnapshotBeforeUpdate": true,
          "setState": Object {
            "skipsComponentDidUpdateOnNullish": true,
          },
        },
      },
    },
  },
}
`;
