// Jest Snapshot v1, https://goo.gl/fbAQLP

exports[`Splash should match the snapshot 1`] = `
ShallowWrapper {
  Symbol(enzyme.__root__): [Circular],
  Symbol(enzyme.__unrendered__): <Splash
    films={
      Array [
        Object {
          "characters": Array [],
          "created": 2014,
          "director": "George Lucas",
          "edited": 2015,
          "episode_id": 4,
          "opening_crawl": "this is the crawl",
          "planets": "Earth",
          "producer": "George",
          "release_date": 2015,
          "species": Array [
            "humans",
            "aliens",
          ],
          "starships": Array [
            "falcon",
            "star fighter",
          ],
          "title": "A New Hope",
          "url": "http://this.com",
          "vehicles": Array [
            "this vehicle",
            "that vehicle",
          ],
        },
      ]
    }
    toggleSplash={[MockFunction]}
  />,
  Symbol(enzyme.__renderer__): Object {
    "batchedUpdates": [Function],
    "getNode": [Function],
    "render": [Function],
    "simulateError": [Function],
    "simulateEvent": [Function],
    "unmount": [Function],
  },
  Symbol(enzyme.__node__): Object {
    "instance": null,
    "key": undefined,
    "nodeType": "host",
    "props": Object {
      "children": "Loading...",
    },
    "ref": null,
    "rendered": "Loading...",
    "type": "h1",
  },
  Symbol(enzyme.__nodes__): Array [
    Object {
      "instance": null,
      "key": undefined,
      "nodeType": "host",
      "props": Object {
        "children": "Loading...",
      },
      "ref": null,
      "rendered": "Loading...",
      "type": "h1",
    },
  ],
  Symbol(enzyme.__options__): Object {
    "adapter": ReactSixteenAdapter {
      "options": Object {
        "enableComponentDidUpdateOnSetState": true,
        "lifecycles": Object {
          "componentDidUpdate": Object {
            "onSetState": true,
          },
          "getDerivedStateFromProps": true,
          "getSnapshotBeforeUpdate": true,
          "setState": Object {
            "skipsComponentDidUpdateOnNullish": true,
          },
        },
      },
    },
  },
}
`;
